// Jest Snapshot v1, https://goo.gl/fbAQLP

exports[`Pruebas en <TodoApp /> debe de mostrarse correctamente 1`] = `
<div>
  <h1>
    TodoApp ( 
    0
     ) 
  </h1>
  <hr />
  <div
    className="row"
  >
    <div
      className="col-7"
    >
      <TodoList
        onDelete={[Function]}
        onToggle={[Function]}
        todoList={Array []}
      />
    </div>
    <div
      className="col-5"
    >
      <TodoAdd
        onAdd={[Function]}
      />
    </div>
  </div>
</div>
`;
