// Jest Snapshot v1, https://goo.gl/fbAQLP

exports[`Pruebas en <TodoListItem /> debe de mostrarse correctamente 1`] = `
<li
  className="list-group-item"
  key="1"
>
  <p
    className=""
    data-id={1}
    onClick={[Function]}
  >
    0
    . 
    Aprender React
  </p>
  <button
    className="btn btn-danger"
    data-id={1}
    onClick={[Function]}
  >
    Borrar
  </button>
</li>
`;
