// Jest Snapshot v1, https://goo.gl/fbAQLP

exports[`Pruebas en <HookApp /> debe mostrarse correctamente 1`] = `
<div>
  <h1>
    Hola Mundo
  </h1>
</div>
`;

exports[`Tests on HookApp should match snapshot 1`] = `
<div>
  <h1>
    Hola Mundo
  </h1>
</div>
`;
